#Automated Tests

>>> from hell_triangle import *
>>> HellTriangle([[-1],[-1,-1],[-1,-1,-1],[-1,-1,-1,-1]]).get_max()
-4
>>> HellTriangle([[1],[1,1],[1,1,1],[1,1,1,1]]).get_max()
4
>>> HellTriangle([[5]]).get_max()
5
>>> HellTriangle([[6],[3,5],[9,7,1],[4,6,8,4]]).get_max()
26
>>> HellTriangle([[6],[2,3],[9,1,1],[9,1,1,1]]).get_max()
26
>>> HellTriangle([[9],[1,3],[1,1,9],[1,1,1,9]]).get_max()
30
>>> HellTriangle([[9],[1,1],[9,1,9],[9,1,1,9]]).get_max()
28
>>> HellTriangle([[9],[1,1],[1,9,9],[1,9,1,9],[1,2,1,1,1]]).get_max()
30
>>> HellTriangle([[5],[3,6],[9,7],[4,6,8,4]]).get_max()
'Error. Not is a triangle.'
>>> HellTriangle([]).get_max()
'Error. Not is a triangle.'
>>> HellTriangle([[],[],[]]).get_max()
'Error. Not is a triangle.'
>>> HellTriangle([[1],[1]]).get_max()
'Error. Not is a triangle.'
